// Jest Snapshot v1, https://goo.gl/fbAQLP

exports[`EmptyStateMessage should match the most recent snapshot 1`] = `
<DocumentFragment>
  <div>
    <h1
      class="mr-3 pr-3 align-top border-right inline-block align-content-center"
    >
      test heading
    </h1>
    <div
      class="inline-block align-middle"
    >
      <h2
        class="font-weight-normal lead"
        id="desc"
      >
        test subheading
      </h2>
    </div>
  </div>
</DocumentFragment>
`;
