// Jest Snapshot v1, https://goo.gl/fbAQLP

exports[`LocationEntry should match the most recent snapshot 1`] = `
<DocumentFragment>
  <article
    class="col-md-3"
  >
    <a
      class="link mr-2 mb-2 d-inline-block"
      href="/weather/2487956"
    >
      San Francisco
    </a>
    <span
      class="badge badge-pill badge-success"
    >
      City
    </span>
  </article>
</DocumentFragment>
`;
